[INFO] Scanning for projects...
[INFO] 
[INFO] --------------------< com.example:backend-service >---------------------
[INFO] Building backend-service 0.0.1-SNAPSHOT
[INFO]   from pom.xml
[INFO] --------------------------------[ jar ]---------------------------------
[INFO] 
[INFO] --- clean:3.4.0:clean (default-clean) @ backend-service ---
[INFO] Deleting D:\SU26\SWD392_PROJECT\SWD\backend\target
[INFO] 
[INFO] --- resources:3.3.1:resources (default-resources) @ backend-service ---
[INFO] Copying 4 resources from src\main\resources to target\classes
[INFO] Copying 0 resource from src\main\resources to target\classes
[INFO] 
[INFO] --- compiler:3.13.0:compile (default-compile) @ backend-service ---
[INFO] Recompiling the module because of changed source code.
[INFO] Compiling 160 source files with javac [debug parameters release 21] to target\classes
[INFO] -------------------------------------------------------------
[ERROR] COMPILATION ERROR : 
[INFO] -------------------------------------------------------------
[ERROR] /D:/SU26/SWD392_PROJECT/SWD/backend/src/main/java/com/example/backendservice/features/complaint/service/ComplaintServiceImpl.java:[293,55] cannot find symbol
  symbol:   method getFullName()
  location: class com.example.backendservice.features.user.entity.CitizenProfile
[ERROR] /D:/SU26/SWD392_PROJECT/SWD/backend/src/main/java/com/example/backendservice/features/complaint/service/ComplaintServiceImpl.java:[294,56] cannot find symbol
  symbol:   method getEmail()
  location: class com.example.backendservice.features.user.entity.CitizenProfile
[ERROR] /D:/SU26/SWD392_PROJECT/SWD/backend/src/main/java/com/example/backendservice/features/enterprise/service/EnterpriseServiceImpl.java:[113,19] cannot find symbol
  symbol:   method setDeletedAt(java.time.LocalDateTime)
  location: variable enterprise of type com.example.backendservice.features.enterprise.entity.Enterprise
[ERROR] /D:/SU26/SWD392_PROJECT/SWD/backend/src/main/java/com/example/backendservice/features/reward/dto/RedemptionResponse.java:[34,79] cannot find symbol
  symbol:   method getFullName()
  location: class com.example.backendservice.features.user.entity.CitizenProfile
[ERROR] /D:/SU26/SWD392_PROJECT/SWD/backend/src/main/java/com/example/backendservice/features/task/service/TaskServiceImpl.java:[285,86] cannot find symbol
  symbol:   method getFullName()
  location: class com.example.backendservice.features.user.entity.CollectorProfile
[ERROR] /D:/SU26/SWD392_PROJECT/SWD/backend/src/main/java/com/example/backendservice/features/waste/service/WasteReportServiceImpl.java:[191,50] cannot find symbol
  symbol:   method getFullName()
  location: class com.example.backendservice.features.user.entity.CitizenProfile
[ERROR] /D:/SU26/SWD392_PROJECT/SWD/backend/src/main/java/com/example/backendservice/features/waste/service/WasteReportServiceImpl.java:[288,79] cannot find symbol
  symbol:   method getFullName()
  location: class com.example.backendservice.features.user.entity.CitizenProfile
[INFO] 7 errors 
[INFO] -------------------------------------------------------------
[INFO] ------------------------------------------------------------------------
[INFO] BUILD FAILURE
[INFO] ------------------------------------------------------------------------
[INFO] Total time:  4.634 s
[INFO] Finished at: 2026-02-03T08:25:16+07:00
[INFO] ------------------------------------------------------------------------
[ERROR] Failed to execute goal org.apache.maven.plugins:maven-compiler-plugin:3.13.0:compile (default-compile) on project backend-service: Compilation failure: Compilation failure: 
[ERROR] /D:/SU26/SWD392_PROJECT/SWD/backend/src/main/java/com/example/backendservice/features/complaint/service/ComplaintServiceImpl.java:[293,55] cannot find symbol
[ERROR]   symbol:   method getFullName()
[ERROR]   location: class com.example.backendservice.features.user.entity.CitizenProfile
[ERROR] /D:/SU26/SWD392_PROJECT/SWD/backend/src/main/java/com/example/backendservice/features/complaint/service/ComplaintServiceImpl.java:[294,56] cannot find symbol
[ERROR]   symbol:   method getEmail()
[ERROR]   location: class com.example.backendservice.features.user.entity.CitizenProfile
[ERROR] /D:/SU26/SWD392_PROJECT/SWD/backend/src/main/java/com/example/backendservice/features/enterprise/service/EnterpriseServiceImpl.java:[113,19] cannot find symbol
[ERROR]   symbol:   method setDeletedAt(java.time.LocalDateTime)
[ERROR]   location: variable enterprise of type com.example.backendservice.features.enterprise.entity.Enterprise
[ERROR] /D:/SU26/SWD392_PROJECT/SWD/backend/src/main/java/com/example/backendservice/features/reward/dto/RedemptionResponse.java:[34,79] cannot find symbol
[ERROR]   symbol:   method getFullName()
[ERROR]   location: class com.example.backendservice.features.user.entity.CitizenProfile
[ERROR] /D:/SU26/SWD392_PROJECT/SWD/backend/src/main/java/com/example/backendservice/features/task/service/TaskServiceImpl.java:[285,86] cannot find symbol
[ERROR]   symbol:   method getFullName()
[ERROR]   location: class com.example.backendservice.features.user.entity.CollectorProfile
[ERROR] /D:/SU26/SWD392_PROJECT/SWD/backend/src/main/java/com/example/backendservice/features/waste/service/WasteReportServiceImpl.java:[191,50] cannot find symbol
[ERROR]   symbol:   method getFullName()
[ERROR]   location: class com.example.backendservice.features.user.entity.CitizenProfile
[ERROR] /D:/SU26/SWD392_PROJECT/SWD/backend/src/main/java/com/example/backendservice/features/waste/service/WasteReportServiceImpl.java:[288,79] cannot find symbol
[ERROR]   symbol:   method getFullName()
[ERROR]   location: class com.example.backendservice.features.user.entity.CitizenProfile
[ERROR] -> [Help 1]
[ERROR] 
[ERROR] To see the full stack trace of the errors, re-run Maven with the -e switch.
[ERROR] Re-run Maven using the -X switch to enable full debug logging.
[ERROR] 
[ERROR] For more information about the errors and possible solutions, please read the following articles:
[ERROR] [Help 1] http://cwiki.apache.org/confluence/display/MAVEN/MojoFailureException
