[mvnw] Using: C:\Users\TuaTua\.m2\wrapper\dists\apache-maven-3.9.12\59fe215c0ad6947fea90184bf7add084544567b927287592651fda3782e0e798\bin\mvn.cmd
[INFO] Scanning for projects...
[INFO] 
[INFO] --------------< com.wastecollection:waste-collection-api >--------------
[INFO] Building waste-collection-api 0.0.1-SNAPSHOT
[INFO]   from pom.xml
[INFO] --------------------------------[ jar ]---------------------------------
[INFO] 
[INFO] >>> spring-boot:3.2.3:run (default-cli) > test-compile @ waste-collection-api >>>
[INFO] 
[INFO] --- resources:3.3.1:resources (default-resources) @ waste-collection-api ---
[INFO] Copying 1 resource from src\main\resources to target\classes
[INFO] Copying 0 resource from src\main\resources to target\classes
[INFO] 
[INFO] --- compiler:3.11.0:compile (default-compile) @ waste-collection-api ---
[INFO] Changes detected - recompiling the module! :input tree
[INFO] Compiling 107 source files with javac [debug release 21] to target\classes
[INFO] Annotation processing is enabled because one or more processors were found
  on the class path. A future release of javac may disable annotation processing
  unless at least one processor is specified by name (-processor), or a search
  path is specified (--processor-path, --processor-module-path), or annotation
  processing is enabled explicitly (-proc:only, -proc:full).
  Use -Xlint:-options to suppress this message.
  Use -proc:none to disable annotation processing.
[INFO] 
[INFO] --- resources:3.3.1:testResources (default-testResources) @ waste-collection-api ---
[INFO] skip non existing resourceDirectory D:\TuaTua\FU\SWD392\swd-v2\backend\src\test\resources
[INFO] 
[INFO] --- compiler:3.11.0:testCompile (default-testCompile) @ waste-collection-api ---
[INFO] No sources to compile
[INFO] 
[INFO] <<< spring-boot:3.2.3:run (default-cli) < test-compile @ waste-collection-api <<<
[INFO] 
[INFO] 
[INFO] --- spring-boot:3.2.3:run (default-cli) @ waste-collection-api ---
[INFO] Attaching agents: []
Standard Commons Logging discovery in action with spring-jcl: please remove commons-logging.jar from classpath in order to avoid potential conflicts

  .   ____          _            __ _ _
 /\\ / ___'_ __ _ _(_)_ __  __ _ \ \ \ \
( ( )\___ | '_ | '_| | '_ \/ _` | \ \ \ \
 \\/  ___)| |_)| | | | | || (_| |  ) ) ) )
  '  |____| .__|_| |_|_| |_\__, | / / / /
 =========|_|==============|___/=/_/_/_/
 :: Spring Boot ::                (v3.2.3)

2026-03-12T00:36:06.813+07:00  INFO 65100 --- [waste-collection-api] [           main] c.w.WasteCollectionApplication           : Starting WasteCollectionApplication using Java 21.0.10 with PID 65100 (D:\TuaTua\FU\SWD392\swd-v2\backend\target\classes started by TuaTua in D:\TuaTua\FU\SWD392\swd-v2\backend)
2026-03-12T00:36:06.814+07:00 DEBUG 65100 --- [waste-collection-api] [           main] c.w.WasteCollectionApplication           : Running with Spring Boot v3.2.3, Spring v6.1.4
2026-03-12T00:36:06.814+07:00  INFO 65100 --- [waste-collection-api] [           main] c.w.WasteCollectionApplication           : No active profile set, falling back to 1 default profile: "default"
2026-03-12T00:36:07.556+07:00  INFO 65100 --- [waste-collection-api] [           main] .s.d.r.c.RepositoryConfigurationDelegate : Bootstrapping Spring Data JPA repositories in DEFAULT mode.
2026-03-12T00:36:07.631+07:00  INFO 65100 --- [waste-collection-api] [           main] .s.d.r.c.RepositoryConfigurationDelegate : Finished Spring Data repository scanning in 70 ms. Found 20 JPA repository interfaces.
2026-03-12T00:36:08.167+07:00  INFO 65100 --- [waste-collection-api] [           main] o.s.b.w.embedded.tomcat.TomcatWebServer  : Tomcat initialized with port 8080 (http)
2026-03-12T00:36:08.172+07:00  INFO 65100 --- [waste-collection-api] [           main] o.apache.catalina.core.StandardService   : Starting service [Tomcat]
2026-03-12T00:36:08.174+07:00  INFO 65100 --- [waste-collection-api] [           main] o.apache.catalina.core.StandardEngine    : Starting Servlet engine: [Apache Tomcat/10.1.19]
2026-03-12T00:36:08.214+07:00  INFO 65100 --- [waste-collection-api] [           main] o.a.c.c.C.[Tomcat].[localhost].[/]       : Initializing Spring embedded WebApplicationContext
2026-03-12T00:36:08.214+07:00  INFO 65100 --- [waste-collection-api] [           main] w.s.c.ServletWebServerApplicationContext : Root WebApplicationContext: initialization completed in 1368 ms
Standard Commons Logging discovery in action with spring-jcl: please remove commons-logging.jar from classpath in order to avoid potential conflicts
2026-03-12T00:36:08.415+07:00  INFO 65100 --- [waste-collection-api] [           main] o.hibernate.jpa.internal.util.LogHelper  : HHH000204: Processing PersistenceUnitInfo [name: default]
2026-03-12T00:36:08.446+07:00  INFO 65100 --- [waste-collection-api] [           main] org.hibernate.Version                    : HHH000412: Hibernate ORM core version 6.4.4.Final
2026-03-12T00:36:08.466+07:00  INFO 65100 --- [waste-collection-api] [           main] o.h.c.internal.RegionFactoryInitiator    : HHH000026: Second-level cache disabled
2026-03-12T00:36:08.611+07:00  INFO 65100 --- [waste-collection-api] [           main] o.s.o.j.p.SpringPersistenceUnitInfo      : No LoadTimeWeaver setup: ignoring JPA class transformer
2026-03-12T00:36:08.628+07:00  INFO 65100 --- [waste-collection-api] [           main] com.zaxxer.hikari.HikariDataSource       : HikariPool-1 - Starting...
2026-03-12T00:36:09.308+07:00  INFO 65100 --- [waste-collection-api] [           main] com.zaxxer.hikari.pool.HikariPool        : HikariPool-1 - Added connection org.postgresql.jdbc.PgConnection@6ec2d990
2026-03-12T00:36:09.310+07:00  INFO 65100 --- [waste-collection-api] [           main] com.zaxxer.hikari.HikariDataSource       : HikariPool-1 - Start completed.
2026-03-12T00:36:09.371+07:00  WARN 65100 --- [waste-collection-api] [           main] org.hibernate.orm.deprecation            : HHH90000025: PostgreSQLDialect does not need to be specified explicitly using 'hibernate.dialect' (remove the property setting and it will be selected by default)
2026-03-12T00:36:10.400+07:00  INFO 65100 --- [waste-collection-api] [           main] o.h.e.t.j.p.i.JtaPlatformInitiator       : HHH000489: No JTA platform available (set 'hibernate.transaction.jta.platform' to enable JTA platform integration)
2026-03-12T00:36:10.638+07:00  INFO 65100 --- [waste-collection-api] [           main] j.LocalContainerEntityManagerFactoryBean : Initialized JPA EntityManagerFactory for persistence unit 'default'
2026-03-12T00:36:10.904+07:00 DEBUG 65100 --- [waste-collection-api] [           main] c.w.security.JwtAuthenticationFilter     : Filter 'jwtAuthenticationFilter' configured for use
2026-03-12T00:36:10.953+07:00  INFO 65100 --- [waste-collection-api] [           main] o.s.d.j.r.query.QueryEnhancerFactory     : Hibernate is in classpath; If applicable, HQL parser will be used.
2026-03-12T00:36:12.439+07:00  INFO 65100 --- [waste-collection-api] [           main] o.s.b.a.e.web.EndpointLinksResolver      : Exposing 3 endpoint(s) beneath base path '/actuator'
2026-03-12T00:36:12.513+07:00  INFO 65100 --- [waste-collection-api] [           main] o.s.s.web.DefaultSecurityFilterChain     : Will secure any request with [org.springframework.security.web.session.DisableEncodeUrlFilter@5c16f550, org.springframework.security.web.context.request.async.WebAsyncManagerIntegrationFilter@410126b8, org.springframework.security.web.context.SecurityContextHolderFilter@39660d2, org.springframework.security.web.header.HeaderWriterFilter@7ed47d66, org.springframework.web.filter.CorsFilter@c1bed9e, org.springframework.security.web.authentication.logout.LogoutFilter@68bfaa16, com.wastecollection.security.JwtAuthenticationFilter@6cf47d05, org.springframework.security.web.savedrequest.RequestCacheAwareFilter@539fe2b8, org.springframework.security.web.servletapi.SecurityContextHolderAwareRequestFilter@5a04e7ef, org.springframework.security.web.authentication.AnonymousAuthenticationFilter@715c680a, org.springframework.security.web.session.SessionManagementFilter@5e1e218c, org.springframework.security.web.access.ExceptionTranslationFilter@7f487086, org.springframework.security.web.access.intercept.AuthorizationFilter@5e409078]
2026-03-12T00:36:12.948+07:00  WARN 65100 --- [waste-collection-api] [           main] ConfigServletWebServerApplicationContext : Exception encountered during context initialization - cancelling refresh attempt: org.springframework.context.ApplicationContextException: Failed to start bean 'webServerStartStop'
2026-03-12T00:36:12.953+07:00  INFO 65100 --- [waste-collection-api] [           main] j.LocalContainerEntityManagerFactoryBean : Closing JPA EntityManagerFactory for persistence unit 'default'
2026-03-12T00:36:12.954+07:00  INFO 65100 --- [waste-collection-api] [           main] com.zaxxer.hikari.HikariDataSource       : HikariPool-1 - Shutdown initiated...
2026-03-12T00:36:13.030+07:00  INFO 65100 --- [waste-collection-api] [           main] com.zaxxer.hikari.HikariDataSource       : HikariPool-1 - Shutdown completed.
2026-03-12T00:36:13.041+07:00  INFO 65100 --- [waste-collection-api] [           main] .s.b.a.l.ConditionEvaluationReportLogger : 

Error starting ApplicationContext. To display the condition evaluation report re-run your application with 'debug' enabled.
2026-03-12T00:36:13.051+07:00 ERROR 65100 --- [waste-collection-api] [           main] o.s.b.d.LoggingFailureAnalysisReporter   : 

***************************
APPLICATION FAILED TO START
***************************

Description:

Web server failed to start. Port 8080 was already in use.

Action:

Identify and stop the process that's listening on port 8080 or configure this application to listen on another port.

[INFO] ------------------------------------------------------------------------
[INFO] BUILD FAILURE
[INFO] ------------------------------------------------------------------------
[INFO] Total time:  13.669 s
[INFO] Finished at: 2026-03-12T00:36:13+07:00
[INFO] ------------------------------------------------------------------------
[ERROR] Failed to execute goal org.springframework.boot:spring-boot-maven-plugin:3.2.3:run (default-cli) on project waste-collection-api: Process terminated with exit code: 1 -> [Help 1]
[ERROR] 
[ERROR] To see the full stack trace of the errors, re-run Maven with the -e switch.
[ERROR] Re-run Maven using the -X switch to enable full debug logging.
[ERROR] 
[ERROR] For more information about the errors and possible solutions, please read the following articles:
[ERROR] [Help 1] http://cwiki.apache.org/confluence/display/MAVEN/MojoExecutionException
